Function id : 0 Count 1
Function id : 1 Count 50000
Function id : 0 Count 1
Function id : 1 Count 50000
Function id : 0 Count 1
Function id : 1 Count 50000
Function id : 0 Count 1
Function id : 1 Count 50000
Function id : 0 Count 1
Function id : 1 Count 50000
Function id : 0 Count 1
Function id : 1 Count 50000
Function id : 0 Count 1
Function id : 1 Count 1
Function id : 2 Count 1
Function id : 3 Count 1
Function id : 0 Count 1
Function id : 1 Count 50000
Function id : 0 Count 1
Function id : 1 Count 1
Function id : 2 Count 1
Function id : 3 Count 1
